// Jest Snapshot v1, https://goo.gl/fbAQLP

exports[`test paths 1`] = `Object {}`;
