// Jest Snapshot v1, https://goo.gl/fbAQLP

exports[`test routes 1`] = `
Array [
  Layer {
    "handle": [Function],
    "keys": Array [],
    "name": "<anonymous>",
    "params": undefined,
    "path": undefined,
    "regexp": /\\^\\\\/\\?\\(\\?=\\\\/\\|\\$\\)/i,
    "route": undefined,
  },
  Layer {
    "handle": [Function],
    "keys": Array [],
    "name": "<anonymous>",
    "params": undefined,
    "path": undefined,
    "regexp": /\\^\\\\/\\?\\(\\?=\\\\/\\|\\$\\)/i,
    "route": undefined,
  },
  Layer {
    "handle": [Function],
    "keys": Array [],
    "name": "bound dispatch",
    "params": undefined,
    "path": undefined,
    "regexp": /\\^\\\\/join\\\\/\\?\\$/i,
    "route": Route {
      "methods": Object {
        "post": true,
      },
      "path": "/join",
      "stack": Array [
        Layer {
          "handle": [Function],
          "keys": Array [],
          "method": "post",
          "name": "<anonymous>",
          "params": undefined,
          "path": undefined,
          "regexp": /\\^\\\\/\\?\\$/i,
        },
      ],
    },
  },
  Layer {
    "handle": [Function],
    "keys": Array [],
    "name": "bound dispatch",
    "params": undefined,
    "path": undefined,
    "regexp": /\\^\\\\/part\\\\/\\?\\$/i,
    "route": Route {
      "methods": Object {
        "post": true,
      },
      "path": "/part",
      "stack": Array [
        Layer {
          "handle": [Function],
          "keys": Array [],
          "method": "post",
          "name": "<anonymous>",
          "params": undefined,
          "path": undefined,
          "regexp": /\\^\\\\/\\?\\$/i,
        },
      ],
    },
  },
  Layer {
    "handle": [Function],
    "keys": Array [],
    "name": "bound dispatch",
    "params": undefined,
    "path": undefined,
    "regexp": /\\^\\\\/set\\\\/\\?\\$/i,
    "route": Route {
      "methods": Object {
        "post": true,
      },
      "path": "/set",
      "stack": Array [
        Layer {
          "handle": [Function],
          "keys": Array [],
          "method": "post",
          "name": "<anonymous>",
          "params": undefined,
          "path": undefined,
          "regexp": /\\^\\\\/\\?\\$/i,
        },
      ],
    },
  },
  Layer {
    "handle": [Function],
    "keys": Array [],
    "name": "bound dispatch",
    "params": undefined,
    "path": undefined,
    "regexp": /\\^\\\\/current\\\\/\\?\\$/i,
    "route": Route {
      "methods": Object {
        "get": true,
      },
      "path": "/current",
      "stack": Array [
        Layer {
          "handle": [Function],
          "keys": Array [],
          "method": "get",
          "name": "<anonymous>",
          "params": undefined,
          "path": undefined,
          "regexp": /\\^\\\\/\\?\\$/i,
        },
      ],
    },
  },
]
`;
